warning: analyst pick_and_place_simple-Pencil-None-Desk-302__trial_T20190908_032836_462632: analyst did not produce a verified PASS
analysis shard 0/1: 39 of 39 workspace(s)
analysed look_at_obj_in_light-AlarmClock-None-DeskLamp-305__trial_T20190908_082736_108723: verified=True turns=1 items=3
analysed look_at_obj_in_light-CD-None-DeskLamp-304__trial_T20190907_185649_782438: verified=True turns=1 items=3
analysed look_at_obj_in_light-CD-None-DeskLamp-320__trial_T20190907_224439_174735: verified=True turns=20 items=3
analysed look_at_obj_in_light-Pillow-None-DeskLamp-316__trial_T20190908_232421_645610: verified=True turns=1 items=3
analysed look_at_obj_in_light-Statue-None-DeskLamp-319__trial_T20190907_035546_167548: verified=True turns=1 items=3
analysed pick_and_place_simple-CellPhone-None-Shelf-313__trial_T20190908_123725_452958: verified=True turns=1 items=3
analysed pick_and_place_simple-Newspaper-None-Sofa-211__trial_T20190906_175004_203092: verified=True turns=1 items=3
analysed pick_and_place_simple-Pencil-None-Desk-302__trial_T20190908_032836_462632: verified=False turns=9 items=3
analysed pick_and_place_simple-SoapBar-None-GarbageCan-416__trial_T20190908_020839_714699: verified=True turns=1 items=3
analysed pick_and_place_simple-Statue-None-CoffeeTable-222__trial_T20190907_131249_788749: verified=True turns=1 items=3
analysed pick_and_place_simple-ToiletPaper-None-ToiletPaperHanger-406__trial_T20190908_122807_136741: verified=True turns=1 items=3
analysed pick_and_place_simple-ToiletPaper-None-ToiletPaperHanger-415__trial_T20190908_050443_333939: verified=True turns=1 items=3
analysed pick_clean_then_place_in_recep-Apple-None-DiningTable-4__trial_T20190908_104413_450768: verified=True turns=1 items=3
analysed pick_clean_then_place_in_recep-DishSponge-None-Shelf-20__trial_T20190907_222429_992578: verified=True turns=12 items=3
analysed pick_clean_then_place_in_recep-DishSponge-None-Shelf-401__trial_T20190908_072225_397518: verified=True turns=1 items=3
analysed pick_clean_then_place_in_recep-Kettle-None-Cabinet-2__trial_T20190909_043103_418752: verified=True turns=14 items=3
analysed pick_clean_then_place_in_recep-Knife-None-Drawer-22__trial_T20190907_224827_746945: verified=True turns=1 items=3
analysed pick_clean_then_place_in_recep-Lettuce-None-DiningTable-20__trial_T20190906_191148_519826: verified=True turns=1 items=3
analysed pick_clean_then_place_in_recep-Lettuce-None-Fridge-13__trial_T20190908_203022_601787: verified=True turns=1 items=3
analysed pick_clean_then_place_in_recep-Plate-None-Fridge-5__trial_T20190909_112954_869911: verified=True turns=1 items=3
analysed pick_clean_then_place_in_recep-Spoon-None-DiningTable-18__trial_T20190909_102159_277894: verified=True turns=1 items=3
analysed pick_cool_then_place_in_recep-Bread-None-CounterTop-15__trial_T20190909_085448_256298: verified=True turns=1 items=3
analysed pick_cool_then_place_in_recep-Bread-None-CounterTop-16__trial_T20190908_143948_082471: verified=True turns=1 items=3
analysed pick_cool_then_place_in_recep-Bread-None-CounterTop-1__trial_T20190908_212439_711334: verified=True turns=16 items=3
analysed pick_cool_then_place_in_recep-Pan-None-StoveBurner-27__trial_T20190906_212619_469871: verified=True turns=13 items=3
analysed pick_cool_then_place_in_recep-Plate-None-DiningTable-17__trial_T20190909_122939_032098: verified=True turns=13 items=3
analysed pick_cool_then_place_in_recep-Pot-None-CounterTop-1__trial_T20190909_124252_504581: verified=True turns=17 items=3
analysed pick_heat_then_place_in_recep-Apple-None-Fridge-20__trial_T20190908_013911_274341: verified=True turns=1 items=3
analysed pick_heat_then_place_in_recep-Egg-None-CounterTop-12__trial_T20190908_215527_416490: verified=True turns=1 items=3
analysed pick_heat_then_place_in_recep-Mug-None-CoffeeMachine-1__trial_T20190907_222924_821086: verified=True turns=1 items=3
analysed pick_heat_then_place_in_recep-Mug-None-CoffeeMachine-28__trial_T20190908_062730_537428: verified=True turns=6 items=3
analysed pick_heat_then_place_in_recep-Plate-None-Cabinet-13__trial_T20190907_062749_759882: verified=True turns=1 items=3
analysed pick_heat_then_place_in_recep-Potato-None-Fridge-2__trial_T20190909_030845_198194: verified=True turns=1 items=3
analysed pick_heat_then_place_in_recep-Tomato-None-CounterTop-26__trial_T20190907_005525_499114: verified=True turns=1 items=3
analysed pick_two_obj_and_place-CD-None-Drawer-319__trial_T20190907_145515_348252: verified=True turns=11 items=3
analysed pick_two_obj_and_place-Candle-None-Drawer-427__trial_T20190909_043917_251333: verified=True turns=1 items=3
analysed pick_two_obj_and_place-KeyChain-None-ArmChair-222__trial_T20190909_100312_677332: verified=True turns=20 items=3
analysed pick_two_obj_and_place-Newspaper-None-Sofa-212__trial_T20190908_112632_208041: verified=True turns=1 items=3
analysed pick_two_obj_and_place-SaltShaker-None-SideTable-21__trial_T20190909_041626_844806: verified=True turns=1 items=3
analysis shard 0/1: 38/39 workspace(s) verified
skipping consolidation (--skip-consolidate)
