warning: analyst 1ea2851b642c4b15af816e0af9d8aa7e: analyst did not produce a verified PASS
analysis shard 8/16: 25 of 400 workspace(s)
analysed 05d9f31d54204be3b0ec885879615f07: verified=True turns=1 items=3
analysed 0ecb623e905e4ef1b6f2b082e3eaf28d: verified=True turns=1 items=3
analysed 178c1b2e8450497a8fa6b0d853b885ab: verified=True turns=12 items=3
analysed 1ea2851b642c4b15af816e0af9d8aa7e: verified=False turns=8 items=3
analysed 24c4fc7a5ec64d5bb2758afe030c8709: verified=True turns=1 items=3
analysed 2bbdbb989efc4ced951e49007006cc17: verified=True turns=1 items=3
analysed 358ea6b314a046aeb50bd1de704fca76: verified=True turns=1 items=3
analysed 3f52dc3e15fd435fa94f015b6a74e09c: verified=True turns=1 items=1
analysed 49675b915f874f3e8be70b85778d4763: verified=True turns=1 items=3
analysed 4f0262bf1b68426ca3a43d78a4749507: verified=True turns=1 items=1
analysed 5d301b6778ff471f9cbda7579ed4e441: verified=True turns=1 items=3
analysed 66bb7afcfd5444eea9c7f3487b1371b9: verified=True turns=1 items=3
analysed 73cce59df8884a53b7444e4a0f091816: verified=True turns=1 items=3
analysed 7c4a7fed8d804433bccc2f07fca94686: verified=True turns=1 items=1
analysed 815a01c49cbf45b1aef3c9ff1844a49f: verified=True turns=1 items=3
analysed 8b1cc801ee384a50a8a2f85d0057be79: verified=True turns=1 items=3
analysed 9a7142e4d14a46e3af6bdd1237f9eadc: verified=True turns=1 items=3
analysed a4375645235745baac2b0253713ff424: verified=True turns=10 items=3
analysed ae7c2c3d320f45868752d8044309d64a: verified=True turns=12 items=3
analysed bc47b1ba0f164881bb3f8997c799ad49: verified=True turns=1 items=3
analysed c7e063e6fba34b3794255784fbc72761: verified=True turns=1 items=1
analysed d64792de04804b7198aecdc143597e9f: verified=True turns=12 items=3
analysed df224beba4ae45a9b4ed66443174b98b: verified=True turns=12 items=3
analysed ef813849b58c4acbae62684d907cebbb: verified=True turns=1 items=3
analysed fcf2b8b0ba924ce095aa0eb5fa543528: verified=True turns=1 items=3
analysis shard 8/16: 24/25 workspace(s) verified
skipping consolidation (--skip-consolidate)
