warning: analyst 2017497b907f4e17988203e7613abef6: analyst did not produce a verified PASS
analysis shard 2/16: 25 of 400 workspace(s)
analysed 03a6254dd0154f0095dc73ff48f2ffb3: verified=True turns=1 items=3
analysed 0b7ffa4435c041b58e0517deb8b6303c: verified=True turns=12 items=3
analysed 13d06d6d989b419ba523462a6e098a22: verified=True turns=1 items=3
analysed 1c02c69e65764c4680caaa9814ff105c: verified=True turns=1 items=3
analysed 2017497b907f4e17988203e7613abef6: verified=False turns=10 items=3
analysed 2899eea4efa7475cb3f553968f335d25: verified=True turns=1 items=3
analysed 3154424fc756402986578589696e0cea: verified=True turns=12 items=3
analysed 3ca738c4497e48e0a746bcdb81beec97: verified=True turns=1 items=3
analysed 456ae8cba98e4a008e46e704118076b4: verified=True turns=1 items=3
analysed 4d45900647c04ab28a883708714bd3b5: verified=True turns=1 items=3
analysed 58d9a51541c94bb3a24e88109329d14c: verified=True turns=1 items=1
analysed 635d1210762d4f03adaf4fd1657ed943: verified=True turns=1 items=3
analysed 6d89b2af311949b3ab5b6c93f4c85e7e: verified=True turns=1 items=3
analysed 7917f6598ab84bdba8c2e81c3cd99fc3: verified=True turns=1 items=3
analysed 7f74a8a0a880403faff0826dd51aace6: verified=True turns=1 items=3
analysed 87969d82d83a459aa85c0897c717a18c: verified=True turns=1 items=3
analysed 9420eb98f0004e649aa999b6f66fd116: verified=True turns=1 items=3
analysed a234f47261f14ab9aed867375bddc652: verified=True turns=1 items=3
analysed acb5cbdaf5ec42ea940c459108a43e78: verified=True turns=1 items=1
analysed b722cd69f05c4f39bef92c714fd9aaa3: verified=True turns=1 items=3
analysed c1c8058650df4505aa05b186c4baa145: verified=True turns=1 items=1
analysed d331035c6c7e49f59b661bd058788c02: verified=True turns=12 items=3
analysed db15ab3b562142f1aa6e7cbb0a561e83: verified=True turns=1 items=3
analysed ea88242882794a9ea5705de2e68a3782: verified=True turns=1 items=3
analysed f82dd783e8d14425916cad9fdeb26b6f: verified=True turns=1 items=3
analysis shard 2/16: 24/25 workspace(s) verified
skipping consolidation (--skip-consolidate)
