warning: analyst a74042fa649f4fd28697a8a19aeac620: analyst did not produce a verified PASS
analysis shard 11/16: 25 of 400 workspace(s)
analysed 08a3439d87854f908e4e2b147f8a109b: verified=True turns=1 items=3
analysed 11db4151a9f34f9fbe86f521fed062c3: verified=True turns=1 items=3
analysed 18515f0c52164134aa75cf7fba6ec4a5: verified=True turns=1 items=3
analysed 1eda265b17424078a78594c9c13f2727: verified=True turns=12 items=3
analysed 24e447c6f2564bfcab303c390cb606dd: verified=True turns=20 items=3
analysed 2c699e9e4ae44c33a19f35b48d894de7: verified=True turns=1 items=3
analysed 37ba164b00db46d4886345dbffb01253: verified=True turns=12 items=3
analysed 401e8e100ec14ce1abdc673927d835a5: verified=True turns=12 items=3
analysed 4a329ae0cc934d0a8bc1980b894838a5: verified=True turns=1 items=3
analysed 514ab2eb38724633848138feb7819466: verified=True turns=1 items=3
analysed 5f31efdcec8444b8af01a013da7c1072: verified=True turns=1 items=3
analysed 699d0ee09cef409cb640078bb31baa00: verified=True turns=14 items=3
analysed 760a703c4a2e4ffdaf30f3e6d61b4a89: verified=True turns=10 items=3
analysed 7e5e734bd37c46c8b053387161ab00fb: verified=True turns=1 items=3
analysed 849d9ff13e0049a991a9bd486f5ce867: verified=True turns=1 items=3
analysed 8ca657a0c0884c0bbb698f137489c09c: verified=True turns=12 items=3
analysed 9e4f88422e8c4e47a7f96f7fe0ecb40e: verified=True turns=1 items=3
analysed a74042fa649f4fd28697a8a19aeac620: verified=False turns=13 items=3
analysed b257b0fd2f964b0c89af47ee4df05e16: verified=True turns=1 items=3
analysed bcaec7a9860240a187552622a73d38fc: verified=True turns=10 items=3
analysed cd002e0461e8454fb26851ff53c2ba22: verified=True turns=1 items=3
analysed d86f059053b84a90964e806da32c9302: verified=True turns=1 items=3
analysed dfb0deb117f642bd98d744fdd5aa6867: verified=True turns=12 items=3
analysed f15f9a3314b644fb97db3cccdca78563: verified=True turns=11 items=3
analysed fdec15afb4cb4e80a6a313aa29cf6c26: verified=True turns=1 items=1
analysis shard 11/16: 24/25 workspace(s) verified
skipping consolidation (--skip-consolidate)
