warning: analyst b44cf87107b9474d8e04d8147c895a60: analyst did not produce a verified PASS
analysis shard 14/16: 25 of 400 workspace(s)
analysed 099a6cecfe654e189ed9bb5b88f07366: verified=True turns=13 items=3
analysed 12cde56adcdc41d9916c1423da39a156: verified=True turns=1 items=3
analysed 1a02c8a18c464f8eaa996aeeb6781f35: verified=True turns=10 items=3
analysed 1f479608c5434054b6996e4c2dfe8a8d: verified=True turns=16 items=3
analysed 2651422c5a2043c79aba79b664f8adea: verified=True turns=1 items=3
analysed 2f64ddfae03e4ad09a994cc70db5661d: verified=True turns=1 items=1
analysed 39ae35ba57974073895c183e2c4b0cda: verified=True turns=10 items=4
analysed 437621201d544d3b8993b6eb1bf040d1: verified=True turns=1 items=3
analysed 4af57faa8a2445b0ae9eb303c0f6c5df: verified=True turns=12 items=3
analysed 553f1b511f044102b9a5a31fb23d7fd4: verified=True turns=12 items=3
analysed 618aeca497d04e9bab54cf8a95cf2ee5: verified=True turns=13 items=3
analysed 6b03e6e855304974afebc7624b2b7d9b: verified=True turns=1 items=3
analysed 770470c452174a719260377ebb9ab2f4: verified=True turns=1 items=1
analysed 7ebc5c81713a4197ac303dec72719c0f: verified=True turns=9 items=4
analysed 850d851b1f08453982a180d40b9271f7: verified=True turns=1 items=3
analysed 8f78cc704744414b85fb4c2337882174: verified=True turns=12 items=3
analysed 9f7f70c5ce5c4d528fa599828b0db1e4: verified=True turns=1 items=3
analysed a842c4623d4845f0b0169730dcb1863c: verified=True turns=10 items=3
analysed b44cf87107b9474d8e04d8147c895a60: verified=False turns=12 items=3
analysed beec8a8ec05f402eb0a2fe8735165ac7: verified=True turns=1 items=3
analysed d0d2a5070eaf43ef8b449dbecdf57817: verified=True turns=1 items=3
analysed d98417a0052c446b9cbec27592b0716b: verified=True turns=12 items=3
analysed e4a35f12d5764e31a01c04652b0d3645: verified=True turns=1 items=3
analysed f4afb22a6dd74bf2bb1fc171ef442ee3: verified=True turns=1 items=3
analysed ff0750f494744de299aa839d0cdfcc23: verified=True turns=1 items=3
analysis shard 14/16: 24/25 workspace(s) verified
skipping consolidation (--skip-consolidate)
