warning: analyst 25ac1e9f9a9a44f39f0517e01c9b09e2: analyst did not produce a verified PASS
warning: analyst cd0482f36ae6406a87338d8f65135eff: analyst did not produce a verified PASS
analysis shard 12/16: 25 of 400 workspace(s)
analysed 08daeab29c054c40b06e14e9d48ac440: verified=True turns=1 items=3
analysed 12028e673ec7417ea826d4d7c9e1ca25: verified=True turns=1 items=3
analysed 1907684788be4a09b36c6bb24812fe99: verified=True turns=1 items=3
analysed 1ee43fb75a4e4a85a0a91eed1091d738: verified=True turns=1 items=3
analysed 25ac1e9f9a9a44f39f0517e01c9b09e2: verified=False turns=9 items=3
analysed 2c8296d242ba415da60f642f1d40cdad: verified=True turns=1 items=3
analysed 38f86975e56e4f1196023bc1066d830d: verified=True turns=1 items=3
analysed 404d552206184b09b265f3fa3b4c0939: verified=True turns=1 items=3
analysed 4abb5ee3b7194c7fa389906773b7c2ce: verified=True turns=1 items=3
analysed 52394ce0966f4ebe8a5ecf7806f447cf: verified=True turns=1 items=3
analysed 6072e63558b445ad9c01394dfed313b4: verified=True turns=11 items=3
analysed 69f53eacb33146e7a5bc41be38d39f06: verified=True turns=1 items=3
analysed 7625c352e07f4adda1c443a7f79ab85c: verified=True turns=1 items=2
analysed 7e6a92097b984d0b9bf6307dca097b02: verified=True turns=12 items=3
analysed 84ab80ab3c5d47a58ddda464d62c5694: verified=True turns=1 items=3
analysed 8cde5fd949c8425a8a651fb64249411b: verified=True turns=12 items=3
analysed 9e8dc4eb9cdb40cda6941e9b0d0fc0ae: verified=True turns=1 items=3
analysed a7e4d6381a1b471c84731033ec54cc0b: verified=True turns=1 items=1
analysed b3a12a359de04d1e8303487d8abcbcb4: verified=True turns=1 items=3
analysed bcf886e6d73b4fa7be27b32421c5bc49: verified=True turns=12 items=3
analysed cd0482f36ae6406a87338d8f65135eff: verified=False turns=13 items=3
analysed d93529278d1d4fcdb3dff5d9bdefc977: verified=True turns=1 items=3
analysed e244e769dc384b2a8b953c21ba981caf: verified=True turns=1 items=3
analysed f2b0c18b74224a8290b134bb6c1456be: verified=True turns=1 items=3
analysed fe01132758b64f638d75195e73901329: verified=True turns=1 items=3
analysis shard 12/16: 23/25 workspace(s) verified
skipping consolidation (--skip-consolidate)
