warning: analyst 7f8fafb69c89438fa2d458434ed4ebe9: analyst did not produce a verified PASS
warning: analyst f8a442980c55415b82527160422a2688: analyst did not produce a verified PASS
analysis shard 3/16: 25 of 400 workspace(s)
analysed 03cf1cccf4e141c4b305d86909d560a9: verified=True turns=1 items=2
analysed 0cdf4a84c9084d4d9f8168e530c5d644: verified=True turns=1 items=3
analysed 13d7f98d33d645f5bc6a9d7e392c802d: verified=True turns=1 items=3
analysed 1c2cc13e0fa745d6b541f6c7eb9f5619: verified=True turns=1 items=1
analysed 221c83e6630f4e7983da48fa28da1882: verified=True turns=1 items=3
analysed 28ce80cc4e9440b8bae1ec4a2c94c4c4: verified=True turns=12 items=3
analysed 31c23742d99d445794d38e6ee9f39e0c: verified=True turns=1 items=3
analysed 3cf34a52916f4ff9a975008fe9d771d2: verified=True turns=12 items=3
analysed 46c99666e71e4e0785682433cb5ae53a: verified=True turns=1 items=3
analysed 4d75d9ea2bb9452a8ca7f99f548a376b: verified=True turns=1 items=3
analysed 58f65c725a344349b9412bddb5ba7c4f: verified=True turns=1 items=3
analysed 63787d20e4d5407ba2f041792127069f: verified=True turns=1 items=3
analysed 6e240188701842e282d3505b4f16759f: verified=True turns=1 items=1
analysed 792e4f810ad24433870b2a23fc13f778: verified=True turns=1 items=3
analysed 7f8fafb69c89438fa2d458434ed4ebe9: verified=False turns=10 items=3
analysed 88d06cbae9ef4d5f827ed4d8ed7e2ee7: verified=True turns=12 items=3
analysed 9503db8da9dd45ed9b51b4ef05ab7833: verified=True turns=1 items=1
analysed a2c76bb55b1f4d74b5871c6a1c1fd1c1: verified=True turns=1 items=1
analysed acbc8654d37942cd9f3d2c007167c2d7: verified=True turns=12 items=3
analysed b86af4b0891045f1a14ed96507512938: verified=True turns=1 items=3
analysed c3fc79b46f1b49c6aceb10bd477433e6: verified=True turns=1 items=3
analysed d38e00263d944bb6ba72bbed58b5a5b3: verified=True turns=1 items=3
analysed db8cf44331be40b993b053f5f0e4a996: verified=True turns=10 items=3
analysed ebc6b86a3fa7432a9aadff96c2582451: verified=True turns=1 items=3
analysed f8a442980c55415b82527160422a2688: verified=False turns=8 items=3
analysis shard 3/16: 23/25 workspace(s) verified
skipping consolidation (--skip-consolidate)
