warning: analyst 278992dfba6a4d959973da300131fd4a: analyst did not produce a verified PASS
analysis shard 1/16: 25 of 400 workspace(s)
analysed 0224ec0a999a4e9bba48c1fddaab7a90: verified=True turns=1 items=1
analysed 0b550017552f4b8ea569fba16a6516ed: verified=True turns=11 items=3
analysed 13af14965cf748a8acecd7f0b9a9b03a: verified=True turns=11 items=3
analysed 1bfa6eef0be04bf9bac6288883877660: verified=True turns=1 items=3
analysed 1ffcea80a2334a1fba10c96a4162fc0f: verified=True turns=1 items=3
analysed 278992dfba6a4d959973da300131fd4a: verified=False turns=10 items=3
analysed 303fa164ac2e4484af9b7a70ebcc9ef5: verified=True turns=1 items=3
analysed 3c93b5a9314a453c98d709447a0d9272: verified=True turns=10 items=3
analysed 4515ad88ccac4171bff647a836a79771: verified=True turns=1 items=3
analysed 4d2b5a81849c458794480c61b07264a2: verified=True turns=1 items=3
analysed 58092ebe17e942589c3f820cfdb1b602: verified=True turns=1 items=1
analysed 6255c8693ca94f4f893c39421d9469e7: verified=True turns=1 items=3
analysed 6b7f872523094f2495e403e37c04eef2: verified=True turns=1 items=1
analysed 78c03ede8fd84f939e90ee6e2bfde497: verified=True turns=1 items=3
analysed 7f568680a90f435ab953e342a7fd57a2: verified=True turns=1 items=3
analysed 8709f2c5215049e2b2edc482a2d6a332: verified=True turns=1 items=3
analysed 9385f7d320d047ac97f8d15f6169dbfc: verified=True turns=1 items=3
analysed a1ffc8a731aa4fd3af552c1edd681425: verified=True turns=20 items=3
analysed ac67fde6994c4862a8307c958e371191: verified=True turns=1 items=2
analysed b63e3d061b494f01967242defbed9ad1: verified=True turns=1 items=1
analysed c17c5f8d2ef746a7a9a5db0b674b865b: verified=True turns=1 items=3
analysed d2f25c9e97a6478aa93396deac82f7b3: verified=True turns=1 items=3
analysed da7acff4255640aaaf92c73cf53e1423: verified=True turns=1 items=1
analysed e702332b0c5d40309a02c987b512dff4: verified=True turns=1 items=3
analysed f7e5f18e497a4dd1915989f9bc7ec238: verified=True turns=1 items=3
analysis shard 1/16: 24/25 workspace(s) verified
skipping consolidation (--skip-consolidate)
