warning: analyst 56ac9a3893af46c9938c0e356255b880: analyst did not produce a verified PASS
warning: analyst 6b497ac583564d389f5e5f3f565e0030: analyst did not produce a verified PASS
analysis shard 0/16: 25 of 400 workspace(s)
analysed 01a52018756346b795de67cabdb907dd: verified=True turns=14 items=3
analysed 0ae41d57a6b647969ef065e051dbea43: verified=True turns=1 items=3
analysed 1368fa832f564bf9b2cd4df9fdb4d356: verified=True turns=18 items=3
analysed 1a936c9b0fd7482abd4b090e9c16ecf4: verified=True turns=15 items=3
analysed 1fe1949081d84adfa902563d7f6740d4: verified=True turns=1 items=1
analysed 276ee199fa1c46fe83e00ca9a3f65b43: verified=True turns=1 items=3
analysed 2fab3953f8a34a29849e7a69891c514e: verified=True turns=1 items=3
analysed 3c064caf2f694852a0d26e639caefa01: verified=True turns=14 items=3
analysed 4507bf165d874c68a245b00fbd7fbae7: verified=True turns=1 items=3
analysed 4c64770f574c499392b07f182a75c72c: verified=True turns=1 items=3
analysed 56ac9a3893af46c9938c0e356255b880: verified=False turns=8 items=3
analysed 6252b238d9554d45bc4eb9b9978543c5: verified=True turns=12 items=3
analysed 6b497ac583564d389f5e5f3f565e0030: verified=False turns=8 items=3
analysed 783d987accbf45a8b33535139c41fe0a: verified=True turns=1 items=3
analysed 7f5514c879eb4fcea5b2c660b4ab0496: verified=True turns=1 items=3
analysed 85dd599e005947249d15ab9699c57060: verified=True turns=1 items=3
analysed 929d024018584364a928895a128d9c74: verified=True turns=1 items=3
analysed a1861269c436472f825a450f0437975f: verified=True turns=1 items=3
analysed ab32e16d9ebf448282b3352674a23466: verified=True turns=1 items=3
analysed b55578edb7ba4b5ba9ed09dc7333795b: verified=True turns=15 items=3
analysed c07610477e95400dbed310bb792c13f8: verified=True turns=1 items=3
analysed d17df63c03b74139a64c2d7833e235d3: verified=True turns=1 items=3
analysed da56d013f3a14211b608b6ecbc58500b: verified=True turns=1 items=3
analysed e6f84aaad73243259e2929f51e197d91: verified=True turns=1 items=3
analysed f6f35af39efd4a16ba440993d142349e: verified=True turns=12 items=3
analysis shard 0/16: 23/25 workspace(s) verified
skipping consolidation (--skip-consolidate)
